Archive member included because of file (symbol)

c:/program files/atmel/avr tools/avr toolchain/bin/../lib/gcc/avr/4.5.1/../../../../avr/lib/avr51\libc.a(exit.o)
                              c:/program files/atmel/avr tools/avr toolchain/bin/../lib/gcc/avr/4.5.1/../../../../avr/lib/avr51/crtm128.o (exit)
c:/program files/atmel/avr tools/avr toolchain/bin/../lib/gcc/avr/4.5.1/../../../../avr/lib/avr51\libc.a(memset.o)
                              MobileRobot.o (memset)
c:/program files/atmel/avr tools/avr toolchain/bin/../lib/gcc/avr/4.5.1/../../../../avr/lib/avr51\libc.a(sprintf.o)
                              MobileRobot.o (sprintf)
c:/program files/atmel/avr tools/avr toolchain/bin/../lib/gcc/avr/4.5.1/../../../../avr/lib/avr51\libc.a(addsf3.o)
                              Motor.o (__subsf3)
c:/program files/atmel/avr tools/avr toolchain/bin/../lib/gcc/avr/4.5.1/../../../../avr/lib/avr51\libc.a(addsf3x.o)
                              c:/program files/atmel/avr tools/avr toolchain/bin/../lib/gcc/avr/4.5.1/../../../../avr/lib/avr51\libc.a(addsf3.o) (__addsf3x)
c:/program files/atmel/avr tools/avr toolchain/bin/../lib/gcc/avr/4.5.1/../../../../avr/lib/avr51\libc.a(atan2.o)
                              Move.o (atan2)
c:/program files/atmel/avr tools/avr toolchain/bin/../lib/gcc/avr/4.5.1/../../../../avr/lib/avr51\libc.a(atan.o)
                              c:/program files/atmel/avr tools/avr toolchain/bin/../lib/gcc/avr/4.5.1/../../../../avr/lib/avr51\libc.a(atan2.o) (atan)
c:/program files/atmel/avr tools/avr toolchain/bin/../lib/gcc/avr/4.5.1/../../../../avr/lib/avr51\libc.a(cmpsf2.o)
                              Move.o (__nesf2)
c:/program files/atmel/avr tools/avr toolchain/bin/../lib/gcc/avr/4.5.1/../../../../avr/lib/avr51\libc.a(cos.o)
                              Move.o (cos)
c:/program files/atmel/avr tools/avr toolchain/bin/../lib/gcc/avr/4.5.1/../../../../avr/lib/avr51\libc.a(divsf3.o)
                              Move.o (__divsf3)
c:/program files/atmel/avr tools/avr toolchain/bin/../lib/gcc/avr/4.5.1/../../../../avr/lib/avr51\libc.a(divsf3x.o)
                              c:/program files/atmel/avr tools/avr toolchain/bin/../lib/gcc/avr/4.5.1/../../../../avr/lib/avr51\libc.a(divsf3.o) (__divsf3x)
c:/program files/atmel/avr tools/avr toolchain/bin/../lib/gcc/avr/4.5.1/../../../../avr/lib/avr51\libc.a(fixsfsi.o)
                              MobileRobot.o (__fixsfsi)
c:/program files/atmel/avr tools/avr toolchain/bin/../lib/gcc/avr/4.5.1/../../../../avr/lib/avr51\libc.a(fixunssfsi.o)
                              c:/program files/atmel/avr tools/avr toolchain/bin/../lib/gcc/avr/4.5.1/../../../../avr/lib/avr51\libc.a(fixsfsi.o) (__fixunssfsi)
c:/program files/atmel/avr tools/avr toolchain/bin/../lib/gcc/avr/4.5.1/../../../../avr/lib/avr51\libc.a(floatsisf.o)
                              Motor.o (__floatsisf)
c:/program files/atmel/avr tools/avr toolchain/bin/../lib/gcc/avr/4.5.1/../../../../avr/lib/avr51\libc.a(fp_cmp.o)
                              c:/program files/atmel/avr tools/avr toolchain/bin/../lib/gcc/avr/4.5.1/../../../../avr/lib/avr51\libc.a(cmpsf2.o) (__fp_cmp)
c:/program files/atmel/avr tools/avr toolchain/bin/../lib/gcc/avr/4.5.1/../../../../avr/lib/avr51\libc.a(fp_inf.o)
                              c:/program files/atmel/avr tools/avr toolchain/bin/../lib/gcc/avr/4.5.1/../../../../avr/lib/avr51\libc.a(addsf3x.o) (__fp_inf)
c:/program files/atmel/avr tools/avr toolchain/bin/../lib/gcc/avr/4.5.1/../../../../avr/lib/avr51\libc.a(fp_nan.o)
                              c:/program files/atmel/avr tools/avr toolchain/bin/../lib/gcc/avr/4.5.1/../../../../avr/lib/avr51\libc.a(addsf3x.o) (__fp_nan)
c:/program files/atmel/avr tools/avr toolchain/bin/../lib/gcc/avr/4.5.1/../../../../avr/lib/avr51\libc.a(fp_powser.o)
                              c:/program files/atmel/avr tools/avr toolchain/bin/../lib/gcc/avr/4.5.1/../../../../avr/lib/avr51\libc.a(atan.o) (__fp_powser)
c:/program files/atmel/avr tools/avr toolchain/bin/../lib/gcc/avr/4.5.1/../../../../avr/lib/avr51\libc.a(fp_pscA.o)
                              c:/program files/atmel/avr tools/avr toolchain/bin/../lib/gcc/avr/4.5.1/../../../../avr/lib/avr51\libc.a(addsf3x.o) (__fp_pscA)
c:/program files/atmel/avr tools/avr toolchain/bin/../lib/gcc/avr/4.5.1/../../../../avr/lib/avr51\libc.a(fp_pscB.o)
                              c:/program files/atmel/avr tools/avr toolchain/bin/../lib/gcc/avr/4.5.1/../../../../avr/lib/avr51\libc.a(addsf3x.o) (__fp_pscB)
c:/program files/atmel/avr tools/avr toolchain/bin/../lib/gcc/avr/4.5.1/../../../../avr/lib/avr51\libc.a(fp_rempio2.o)
                              c:/program files/atmel/avr tools/avr toolchain/bin/../lib/gcc/avr/4.5.1/../../../../avr/lib/avr51\libc.a(cos.o) (__fp_rempio2)
c:/program files/atmel/avr tools/avr toolchain/bin/../lib/gcc/avr/4.5.1/../../../../avr/lib/avr51\libc.a(fp_round.o)
                              c:/program files/atmel/avr tools/avr toolchain/bin/../lib/gcc/avr/4.5.1/../../../../avr/lib/avr51\libc.a(addsf3.o) (__fp_round)
c:/program files/atmel/avr tools/avr toolchain/bin/../lib/gcc/avr/4.5.1/../../../../avr/lib/avr51\libc.a(fp_sinus.o)
                              c:/program files/atmel/avr tools/avr toolchain/bin/../lib/gcc/avr/4.5.1/../../../../avr/lib/avr51\libc.a(cos.o) (__fp_sinus)
c:/program files/atmel/avr tools/avr toolchain/bin/../lib/gcc/avr/4.5.1/../../../../avr/lib/avr51\libc.a(fp_split3.o)
                              c:/program files/atmel/avr tools/avr toolchain/bin/../lib/gcc/avr/4.5.1/../../../../avr/lib/avr51\libc.a(addsf3x.o) (__fp_split3)
c:/program files/atmel/avr tools/avr toolchain/bin/../lib/gcc/avr/4.5.1/../../../../avr/lib/avr51\libc.a(fp_zero.o)
                              c:/program files/atmel/avr tools/avr toolchain/bin/../lib/gcc/avr/4.5.1/../../../../avr/lib/avr51\libc.a(addsf3x.o) (__fp_zero)
c:/program files/atmel/avr tools/avr toolchain/bin/../lib/gcc/avr/4.5.1/../../../../avr/lib/avr51\libc.a(gesf2.o)
                              Move.o (__gtsf2)
c:/program files/atmel/avr tools/avr toolchain/bin/../lib/gcc/avr/4.5.1/../../../../avr/lib/avr51\libc.a(inverse.o)
                              c:/program files/atmel/avr tools/avr toolchain/bin/../lib/gcc/avr/4.5.1/../../../../avr/lib/avr51\libc.a(atan.o) (inverse)
c:/program files/atmel/avr tools/avr toolchain/bin/../lib/gcc/avr/4.5.1/../../../../avr/lib/avr51\libc.a(mulsf3.o)
                              Motor.o (__mulsf3)
c:/program files/atmel/avr tools/avr toolchain/bin/../lib/gcc/avr/4.5.1/../../../../avr/lib/avr51\libc.a(mulsf3x.o)
                              c:/program files/atmel/avr tools/avr toolchain/bin/../lib/gcc/avr/4.5.1/../../../../avr/lib/avr51\libc.a(atan.o) (__mulsf3x)
c:/program files/atmel/avr tools/avr toolchain/bin/../lib/gcc/avr/4.5.1/../../../../avr/lib/avr51\libc.a(sin.o)
                              Move.o (sin)
c:/program files/atmel/avr tools/avr toolchain/bin/../lib/gcc/avr/4.5.1/../../../../avr/lib/avr51\libc.a(sqrt.o)
                              Move.o (sqrt)
c:/program files/atmel/avr tools/avr toolchain/bin/../lib/gcc/avr/4.5.1/../../../../avr/lib/avr51\libc.a(square.o)
                              c:/program files/atmel/avr tools/avr toolchain/bin/../lib/gcc/avr/4.5.1/../../../../avr/lib/avr51\libc.a(atan.o) (square)
c:/program files/atmel/avr tools/avr toolchain/bin/../lib/gcc/avr/4.5.1/../../../../avr/lib/avr51\libc.a(vfprintf_std.o)
                              c:/program files/atmel/avr tools/avr toolchain/bin/../lib/gcc/avr/4.5.1/../../../../avr/lib/avr51\libc.a(sprintf.o) (vfprintf)
c:/program files/atmel/avr tools/avr toolchain/bin/../lib/gcc/avr/4.5.1/../../../../avr/lib/avr51\libc.a(strnlen_P.o)
                              c:/program files/atmel/avr tools/avr toolchain/bin/../lib/gcc/avr/4.5.1/../../../../avr/lib/avr51\libc.a(vfprintf_std.o) (strnlen_P)
c:/program files/atmel/avr tools/avr toolchain/bin/../lib/gcc/avr/4.5.1/../../../../avr/lib/avr51\libc.a(strnlen.o)
                              c:/program files/atmel/avr tools/avr toolchain/bin/../lib/gcc/avr/4.5.1/../../../../avr/lib/avr51\libc.a(vfprintf_std.o) (strnlen)
c:/program files/atmel/avr tools/avr toolchain/bin/../lib/gcc/avr/4.5.1/../../../../avr/lib/avr51\libc.a(fputc.o)
                              c:/program files/atmel/avr tools/avr toolchain/bin/../lib/gcc/avr/4.5.1/../../../../avr/lib/avr51\libc.a(vfprintf_std.o) (fputc)
c:/program files/atmel/avr tools/avr toolchain/bin/../lib/gcc/avr/4.5.1/../../../../avr/lib/avr51\libc.a(ultoa_invert.o)
                              c:/program files/atmel/avr tools/avr toolchain/bin/../lib/gcc/avr/4.5.1/../../../../avr/lib/avr51\libc.a(vfprintf_std.o) (__ultoa_invert)
c:/program files/atmel/avr tools/avr toolchain/bin/../lib/gcc/avr/4.5.1/../../../../avr/lib/avr51\libc.a(fp_mpack.o)
                              c:/program files/atmel/avr tools/avr toolchain/bin/../lib/gcc/avr/4.5.1/../../../../avr/lib/avr51\libc.a(sqrt.o) (__fp_mpack)
c:/program files/atmel/avr tools/avr toolchain/bin/../lib/gcc/avr/4.5.1/../../../../avr/lib/avr51\libc.a(fp_norm2.o)
                              c:/program files/atmel/avr tools/avr toolchain/bin/../lib/gcc/avr/4.5.1/../../../../avr/lib/avr51\libc.a(sqrt.o) (__fp_norm2)
c:/program files/atmel/avr tools/avr toolchain/bin/../lib/gcc/avr/4.5.1/../../../../avr/lib/avr51\libc.a(fp_powsodd.o)
                              c:/program files/atmel/avr tools/avr toolchain/bin/../lib/gcc/avr/4.5.1/../../../../avr/lib/avr51\libc.a(fp_sinus.o) (__fp_powsodd)
c:/program files/atmel/avr tools/avr toolchain/bin/../lib/gcc/avr/4.5.1/avr51\libgcc.a(_udivmodqi4.o)
                              Interface.o (__udivmodqi4)
c:/program files/atmel/avr tools/avr toolchain/bin/../lib/gcc/avr/4.5.1/avr51\libgcc.a(_divmodhi4.o)
                              Move.o (__divmodhi4)
c:/program files/atmel/avr tools/avr toolchain/bin/../lib/gcc/avr/4.5.1/avr51\libgcc.a(_exit.o)
                              c:/program files/atmel/avr tools/avr toolchain/bin/../lib/gcc/avr/4.5.1/../../../../avr/lib/avr51\libc.a(exit.o) (_exit)
c:/program files/atmel/avr tools/avr toolchain/bin/../lib/gcc/avr/4.5.1/avr51\libgcc.a(_copy_data.o)
                              MobileRobot.o (__do_copy_data)
c:/program files/atmel/avr tools/avr toolchain/bin/../lib/gcc/avr/4.5.1/avr51\libgcc.a(_clear_bss.o)
                              Interface.o (__do_clear_bss)
c:/program files/atmel/avr tools/avr toolchain/bin/../lib/gcc/avr/4.5.1/avr51\libgcc.a(_udivmodhi4.o)
                              c:/program files/atmel/avr tools/avr toolchain/bin/../lib/gcc/avr/4.5.1/avr51\libgcc.a(_divmodhi4.o) (__udivmodhi4)

Allocating common symbols
Common symbol       size              file

vf                  0x264             Move.o
acc                 0x2               Move.o
whd                 0x4               Move.o
vcam                0x32              Move.o
xb                  0x2               Move.o
eny                 0x4               Move.o
lhd                 0x4               Move.o
ys                  0x2               Move.o
vcam_data           0x32              Move.o
enx2                0x4               Move.o
adn                 0x2               Move.o
ena                 0x4               Move.o
lzig                0x4               Move.o
yb                  0x2               Move.o
wzig                0x4               Move.o
GN                  0x2               MobileRobot.o
eny2                0x4               Move.o
str                 0x1f              MobileRobot.o
enx                 0x4               Move.o
xs                  0x2               Move.o
psd_value           0xa               Interface.o
aup                 0x2               Move.o
status              0x1               Motor.o
tsize               0x2               Move.o

Memory Configuration

Name             Origin             Length             Attributes
text             0x00000000         0x00020000         xr
data             0x00800100         0x0000ff00         rw !x
eeprom           0x00810000         0x00010000         rw !x
fuse             0x00820000         0x00000400         rw !x
lock             0x00830000         0x00000400         rw !x
signature        0x00840000         0x00000400         rw !x
*default*        0x00000000         0xffffffff

Linker script and memory map

Address of section .data set to 0x800100
LOAD c:/program files/atmel/avr tools/avr toolchain/bin/../lib/gcc/avr/4.5.1/../../../../avr/lib/avr51/crtm128.o
LOAD Interface.o
LOAD MobileRobot.o
LOAD Motor.o
LOAD Move.o
LOAD Sensor.o
LOAD c:/program files/atmel/avr tools/avr toolchain/bin/../lib/gcc/avr/4.5.1/../../../../avr/lib/avr51\libc.a
LOAD c:/program files/atmel/avr tools/avr toolchain/bin/../lib/gcc/avr/4.5.1/avr51\libgcc.a
LOAD c:/program files/atmel/avr tools/avr toolchain/bin/../lib/gcc/avr/4.5.1/../../../../avr/lib/avr51\libc.a
LOAD c:/program files/atmel/avr tools/avr toolchain/bin/../lib/gcc/avr/4.5.1/avr51\libgcc.a

.hash
 *(.hash)

.dynsym
 *(.dynsym)

.dynstr
 *(.dynstr)

.gnu.version
 *(.gnu.version)

.gnu.version_d
 *(.gnu.version_d)

.gnu.version_r
 *(.gnu.version_r)

.rel.init
 *(.rel.init)

.rela.init
 *(.rela.init)

.rel.text
 *(.rel.text)
 *(.rel.text.*)
 *(.rel.gnu.linkonce.t*)

.rela.text
 *(.rela.text)
 *(.rela.text.*)
 *(.rela.gnu.linkonce.t*)

.rel.fini
 *(.rel.fini)

.rela.fini
 *(.rela.fini)

.rel.rodata
 *(.rel.rodata)
 *(.rel.rodata.*)
 *(.rel.gnu.linkonce.r*)

.rela.rodata
 *(.rela.rodata)
 *(.rela.rodata.*)
 *(.rela.gnu.linkonce.r*)

.rel.data
 *(.rel.data)
 *(.rel.data.*)
 *(.rel.gnu.linkonce.d*)

.rela.data
 *(.rela.data)
 *(.rela.data.*)
 *(.rela.gnu.linkonce.d*)

.rel.ctors
 *(.rel.ctors)

.rela.ctors
 *(.rela.ctors)

.rel.dtors
 *(.rel.dtors)

.rela.dtors
 *(.rela.dtors)

.rel.got
 *(.rel.got)

.rela.got
 *(.rela.got)

.rel.bss
 *(.rel.bss)

.rela.bss
 *(.rela.bss)

.rel.plt
 *(.rel.plt)

.rela.plt
 *(.rela.plt)

.text           0x00000000     0x8738
 *(.vectors)
 .vectors       0x00000000       0x8c c:/program files/atmel/avr tools/avr toolchain/bin/../lib/gcc/avr/4.5.1/../../../../avr/lib/avr51/crtm128.o
                0x00000000                __vector_default
                0x00000000                __vectors
 *(.vectors)
 *(.progmem.gcc*)
 .progmem.gcc_fplib
                0x0000008c       0x2d c:/program files/atmel/avr tools/avr toolchain/bin/../lib/gcc/avr/4.5.1/../../../../avr/lib/avr51\libc.a(atan.o)
 .progmem.gcc_fplib
                0x000000b9       0x1e c:/program files/atmel/avr tools/avr toolchain/bin/../lib/gcc/avr/4.5.1/../../../../avr/lib/avr51\libc.a(fp_sinus.o)
 *(.progmem*)
                0x000000d8                . = ALIGN (0x2)
 *fill*         0x000000d7        0x1 00
                0x000000d8                __trampolines_start = .
 *(.trampolines)
 .trampolines   0x000000d8        0x0 linker stubs
 *(.trampolines*)
                0x000000d8                __trampolines_end = .
 *(.jumptables)
 *(.jumptables*)
 *(.lowtext)
 *(.lowtext*)
                0x000000d8                __ctors_start = .
 *(.ctors)
                0x000000d8                __ctors_end = .
                0x000000d8                __dtors_start = .
 *(.dtors)
                0x000000d8                __dtors_end = .
 SORT(*)(.ctors)
 SORT(*)(.dtors)
 *(.init0)
 .init0         0x000000d8        0x0 c:/program files/atmel/avr tools/avr toolchain/bin/../lib/gcc/avr/4.5.1/../../../../avr/lib/avr51/crtm128.o
                0x000000d8                __init
 *(.init0)
 *(.init1)
 *(.init1)
 *(.init2)
 .init2         0x000000d8        0xc c:/program files/atmel/avr tools/avr toolchain/bin/../lib/gcc/avr/4.5.1/../../../../avr/lib/avr51/crtm128.o
 *(.init2)
 *(.init3)
 *(.init3)
 *(.init4)
 .init4         0x000000e4       0x1a c:/program files/atmel/avr tools/avr toolchain/bin/../lib/gcc/avr/4.5.1/avr51\libgcc.a(_copy_data.o)
                0x000000e4                __do_copy_data
 .init4         0x000000fe       0x10 c:/program files/atmel/avr tools/avr toolchain/bin/../lib/gcc/avr/4.5.1/avr51\libgcc.a(_clear_bss.o)
                0x000000fe                __do_clear_bss
 *(.init4)
 *(.init5)
 *(.init5)
 *(.init6)
 *(.init6)
 *(.init7)
 *(.init7)
 *(.init8)
 *(.init8)
 *(.init9)
 .init9         0x0000010e        0x8 c:/program files/atmel/avr tools/avr toolchain/bin/../lib/gcc/avr/4.5.1/../../../../avr/lib/avr51/crtm128.o
 *(.init9)
 *(.text)
 .text          0x00000116        0x4 c:/program files/atmel/avr tools/avr toolchain/bin/../lib/gcc/avr/4.5.1/../../../../avr/lib/avr51/crtm128.o
                0x00000116                __vector_22
                0x00000116                __vector_28
                0x00000116                __vector_1
                0x00000116                __vector_32
                0x00000116                __vector_34
                0x00000116                __vector_24
                0x00000116                __vector_12
                0x00000116                __bad_interrupt
                0x00000116                __vector_6
                0x00000116                __vector_31
                0x00000116                __vector_3
                0x00000116                __vector_23
                0x00000116                __vector_25
                0x00000116                __vector_11
                0x00000116                __vector_13
                0x00000116                __vector_17
                0x00000116                __vector_19
                0x00000116                __vector_7
                0x00000116                __vector_27
                0x00000116                __vector_5
                0x00000116                __vector_33
                0x00000116                __vector_4
                0x00000116                __vector_9
                0x00000116                __vector_2
                0x00000116                __vector_21
                0x00000116                __vector_15
                0x00000116                __vector_29
                0x00000116                __vector_8
                0x00000116                __vector_26
                0x00000116                __vector_10
                0x00000116                __vector_16
                0x00000116                __vector_20
 .text          0x0000011a      0x5e2 Interface.o
                0x0000011a                ir_in
                0x00000174                sw_in
                0x00000192                read_gyro
                0x00000208                write_gyro
                0x00000256                MCU_init
                0x00000274                Interface_init
                0x000002b2                __vector_30
                0x000004b2                getchar1
                0x000004d8                putchar1
                0x000004e6                lcd_write_data
                0x00000574                lcd_display_str
                0x000005fc                write_lcd_data
                0x00000656                lcd_clear_screen
                0x00000672                display_char
 .text          0x000006fc      0xdfc MobileRobot.o
                0x000006fc                PW
                0x000007a6                ps
                0x0000081a                ps2
                0x0000088a                ss
                0x00000918                we
                0x0000096a                test
                0x00000d72                gest
                0x00000dc2                sw_pro
                0x0000136e                main
 .text          0x000014f8      0x96c Motor.o
                0x000014f8                ReadData
                0x00001520                WriteCommand
                0x00001540                StartMotion
                0x0000155a                m_move
                0x00001574                WriteDataTwoByte
                0x000015b2                StopMotion
                0x00001618                mee
                0x000016fa                WriteDataFourByte
                0x0000172e                Motor_Reset
                0x0000175a                SetGain
                0x00001812                SetGain2
                0x000018dc                SetAcceleration
                0x00001912                Motor_init
                0x00001974                SetVelocity
                0x000019e2                MOTOR_CTR
                0x00001aac                mgo
                0x00001c16                SetPosition
                0x00001c88                LM629_HW_Reset
 .text          0x00001e64     0x5a7c Move.o
                0x00001e64                sss
                0x00001ece                count
                0x00001f1a                gra
                0x00001f86                sen
                0x00002036                gen
                0x000023a2                size
                0x000025b0                speed
                0x000028da                xxs
                0x0000297c                xxc
                0x00002bc6                xxf
                0x00002c7c                aa
                0x00002d76                cv
                0x00002e36                pw
                0x0000329e                pw2
                0x00003706                pw3
                0x00003b6e                ee
                0x00003cca                ee2
                0x00003e0a                ee3
                0x00003f68                __vector_14
                0x00004046                qq
                0x00004352                qqb
                0x00004706                fx
                0x00004b0a                fw
                0x00004fe0                dd
                0x000052c2                xx
                0x0000563e                ww
                0x00005d4e                wwb
                0x00006468                zz
                0x00006a34                yw
                0x00006fe8                gm2
                0x000072aa                gm
                0x00007310                vc
 .text          0x000078e0      0x16e Sensor.o
                0x000078e0                Camera_init
                0x00007914                Camera_cmd
                0x00007950                Sensor_init
                0x00007978                __vector_18
 .text          0x00007a4e        0x0 c:/program files/atmel/avr tools/avr toolchain/bin/../lib/gcc/avr/4.5.1/../../../../avr/lib/avr51\libc.a(exit.o)
 .text          0x00007a4e        0x0 c:/program files/atmel/avr tools/avr toolchain/bin/../lib/gcc/avr/4.5.1/../../../../avr/lib/avr51\libc.a(memset.o)
 .text          0x00007a4e        0x0 c:/program files/atmel/avr tools/avr toolchain/bin/../lib/gcc/avr/4.5.1/../../../../avr/lib/avr51\libc.a(sprintf.o)
 .text          0x00007a4e        0x0 c:/program files/atmel/avr tools/avr toolchain/bin/../lib/gcc/avr/4.5.1/../../../../avr/lib/avr51\libc.a(addsf3.o)
 .text          0x00007a4e        0x0 c:/program files/atmel/avr tools/avr toolchain/bin/../lib/gcc/avr/4.5.1/../../../../avr/lib/avr51\libc.a(addsf3x.o)
 .text          0x00007a4e        0x0 c:/program files/atmel/avr tools/avr toolchain/bin/../lib/gcc/avr/4.5.1/../../../../avr/lib/avr51\libc.a(atan2.o)
 .text          0x00007a4e        0x0 c:/program files/atmel/avr tools/avr toolchain/bin/../lib/gcc/avr/4.5.1/../../../../avr/lib/avr51\libc.a(atan.o)
 .text          0x00007a4e        0x0 c:/program files/atmel/avr tools/avr toolchain/bin/../lib/gcc/avr/4.5.1/../../../../avr/lib/avr51\libc.a(cmpsf2.o)
 .text          0x00007a4e        0x0 c:/program files/atmel/avr tools/avr toolchain/bin/../lib/gcc/avr/4.5.1/../../../../avr/lib/avr51\libc.a(cos.o)
 .text          0x00007a4e        0x0 c:/program files/atmel/avr tools/avr toolchain/bin/../lib/gcc/avr/4.5.1/../../../../avr/lib/avr51\libc.a(divsf3.o)
 .text          0x00007a4e        0x0 c:/program files/atmel/avr tools/avr toolchain/bin/../lib/gcc/avr/4.5.1/../../../../avr/lib/avr51\libc.a(divsf3x.o)
 .text          0x00007a4e        0x0 c:/program files/atmel/avr tools/avr toolchain/bin/../lib/gcc/avr/4.5.1/../../../../avr/lib/avr51\libc.a(fixsfsi.o)
 .text          0x00007a4e        0x0 c:/program files/atmel/avr tools/avr toolchain/bin/../lib/gcc/avr/4.5.1/../../../../avr/lib/avr51\libc.a(fixunssfsi.o)
 .text          0x00007a4e        0x0 c:/program files/atmel/avr tools/avr toolchain/bin/../lib/gcc/avr/4.5.1/../../../../avr/lib/avr51\libc.a(floatsisf.o)
 .text          0x00007a4e        0x0 c:/program files/atmel/avr tools/avr toolchain/bin/../lib/gcc/avr/4.5.1/../../../../avr/lib/avr51\libc.a(fp_cmp.o)
 .text          0x00007a4e        0x0 c:/program files/atmel/avr tools/avr toolchain/bin/../lib/gcc/avr/4.5.1/../../../../avr/lib/avr51\libc.a(fp_inf.o)
 .text          0x00007a4e        0x0 c:/program files/atmel/avr tools/avr toolchain/bin/../lib/gcc/avr/4.5.1/../../../../avr/lib/avr51\libc.a(fp_nan.o)
 .text          0x00007a4e        0x0 c:/program files/atmel/avr tools/avr toolchain/bin/../lib/gcc/avr/4.5.1/../../../../avr/lib/avr51\libc.a(fp_powser.o)
 .text          0x00007a4e        0x0 c:/program files/atmel/avr tools/avr toolchain/bin/../lib/gcc/avr/4.5.1/../../../../avr/lib/avr51\libc.a(fp_pscA.o)
 .text          0x00007a4e        0x0 c:/program files/atmel/avr tools/avr toolchain/bin/../lib/gcc/avr/4.5.1/../../../../avr/lib/avr51\libc.a(fp_pscB.o)
 .text          0x00007a4e        0x0 c:/program files/atmel/avr tools/avr toolchain/bin/../lib/gcc/avr/4.5.1/../../../../avr/lib/avr51\libc.a(fp_rempio2.o)
 .text          0x00007a4e        0x0 c:/program files/atmel/avr tools/avr toolchain/bin/../lib/gcc/avr/4.5.1/../../../../avr/lib/avr51\libc.a(fp_round.o)
 .text          0x00007a4e        0x0 c:/program files/atmel/avr tools/avr toolchain/bin/../lib/gcc/avr/4.5.1/../../../../avr/lib/avr51\libc.a(fp_sinus.o)
 .text          0x00007a4e        0x0 c:/program files/atmel/avr tools/avr toolchain/bin/../lib/gcc/avr/4.5.1/../../../../avr/lib/avr51\libc.a(fp_split3.o)
 .text          0x00007a4e        0x0 c:/program files/atmel/avr tools/avr toolchain/bin/../lib/gcc/avr/4.5.1/../../../../avr/lib/avr51\libc.a(fp_zero.o)
 .text          0x00007a4e        0x0 c:/program files/atmel/avr tools/avr toolchain/bin/../lib/gcc/avr/4.5.1/../../../../avr/lib/avr51\libc.a(gesf2.o)
 .text          0x00007a4e        0x0 c:/program files/atmel/avr tools/avr toolchain/bin/../lib/gcc/avr/4.5.1/../../../../avr/lib/avr51\libc.a(inverse.o)
 .text          0x00007a4e        0x0 c:/program files/atmel/avr tools/avr toolchain/bin/../lib/gcc/avr/4.5.1/../../../../avr/lib/avr51\libc.a(mulsf3.o)
 .text          0x00007a4e        0x0 c:/program files/atmel/avr tools/avr toolchain/bin/../lib/gcc/avr/4.5.1/../../../../avr/lib/avr51\libc.a(mulsf3x.o)
 .text          0x00007a4e        0x0 c:/program files/atmel/avr tools/avr toolchain/bin/../lib/gcc/avr/4.5.1/../../../../avr/lib/avr51\libc.a(sin.o)
 .text          0x00007a4e        0x0 c:/program files/atmel/avr tools/avr toolchain/bin/../lib/gcc/avr/4.5.1/../../../../avr/lib/avr51\libc.a(sqrt.o)
 .text          0x00007a4e        0x0 c:/program files/atmel/avr tools/avr toolchain/bin/../lib/gcc/avr/4.5.1/../../../../avr/lib/avr51\libc.a(square.o)
 .text          0x00007a4e        0x0 c:/program files/atmel/avr tools/avr toolchain/bin/../lib/gcc/avr/4.5.1/../../../../avr/lib/avr51\libc.a(vfprintf_std.o)
 .text          0x00007a4e        0x0 c:/program files/atmel/avr tools/avr toolchain/bin/../lib/gcc/avr/4.5.1/../../../../avr/lib/avr51\libc.a(strnlen_P.o)
 .text          0x00007a4e        0x0 c:/program files/atmel/avr tools/avr toolchain/bin/../lib/gcc/avr/4.5.1/../../../../avr/lib/avr51\libc.a(strnlen.o)
 .text          0x00007a4e        0x0 c:/program files/atmel/avr tools/avr toolchain/bin/../lib/gcc/avr/4.5.1/../../../../avr/lib/avr51\libc.a(fputc.o)
 .text          0x00007a4e        0x0 c:/program files/atmel/avr tools/avr toolchain/bin/../lib/gcc/avr/4.5.1/../../../../avr/lib/avr51\libc.a(ultoa_invert.o)
 .text          0x00007a4e        0x0 c:/program files/atmel/avr tools/avr toolchain/bin/../lib/gcc/avr/4.5.1/../../../../avr/lib/avr51\libc.a(fp_mpack.o)
 .text          0x00007a4e        0x0 c:/program files/atmel/avr tools/avr toolchain/bin/../lib/gcc/avr/4.5.1/../../../../avr/lib/avr51\libc.a(fp_norm2.o)
 .text          0x00007a4e        0x0 c:/program files/atmel/avr tools/avr toolchain/bin/../lib/gcc/avr/4.5.1/../../../../avr/lib/avr51\libc.a(fp_powsodd.o)
 .text          0x00007a4e        0x0 c:/program files/atmel/avr tools/avr toolchain/bin/../lib/gcc/avr/4.5.1/avr51\libgcc.a(_udivmodqi4.o)
 .text          0x00007a4e        0x0 c:/program files/atmel/avr tools/avr toolchain/bin/../lib/gcc/avr/4.5.1/avr51\libgcc.a(_divmodhi4.o)
 .text          0x00007a4e        0x0 c:/program files/atmel/avr tools/avr toolchain/bin/../lib/gcc/avr/4.5.1/avr51\libgcc.a(_exit.o)
 .text          0x00007a4e        0x0 c:/program files/atmel/avr tools/avr toolchain/bin/../lib/gcc/avr/4.5.1/avr51\libgcc.a(_copy_data.o)
 .text          0x00007a4e        0x0 c:/program files/atmel/avr tools/avr toolchain/bin/../lib/gcc/avr/4.5.1/avr51\libgcc.a(_clear_bss.o)
 .text          0x00007a4e        0x0 c:/program files/atmel/avr tools/avr toolchain/bin/../lib/gcc/avr/4.5.1/avr51\libgcc.a(_udivmodhi4.o)
                0x00007a4e                . = ALIGN (0x2)
 *(.text.*)
 .text.avr-libc
                0x00007a4e        0x6 c:/program files/atmel/avr tools/avr toolchain/bin/../lib/gcc/avr/4.5.1/../../../../avr/lib/avr51\libc.a(exit.o)
                0x00007a4e                exit
 .text.avr-libc
                0x00007a54        0xe c:/program files/atmel/avr tools/avr toolchain/bin/../lib/gcc/avr/4.5.1/../../../../avr/lib/avr51\libc.a(memset.o)
                0x00007a54                memset
 .text.avr-libc
                0x00007a62       0x60 c:/program files/atmel/avr tools/avr toolchain/bin/../lib/gcc/avr/4.5.1/../../../../avr/lib/avr51\libc.a(sprintf.o)
                0x00007a62                sprintf
 .text.avr-libc.fplib
                0x00007ac2        0xa c:/program files/atmel/avr tools/avr toolchain/bin/../lib/gcc/avr/4.5.1/../../../../avr/lib/avr51\libc.a(addsf3.o)
                0x00007ac2                __subsf3
                0x00007ac4                __addsf3
 .text.avr-libc.fplib
                0x00007acc       0xc0 c:/program files/atmel/avr tools/avr toolchain/bin/../lib/gcc/avr/4.5.1/../../../../avr/lib/avr51\libc.a(addsf3x.o)
                0x00007ae6                __addsf3x
 .text.avr-libc.fplib
                0x00007b8c       0x74 c:/program files/atmel/avr tools/avr toolchain/bin/../lib/gcc/avr/4.5.1/../../../../avr/lib/avr51\libc.a(atan2.o)
                0x00007baa                atan2
 .text.avr-libc.fplib
                0x00007c00       0x50 c:/program files/atmel/avr tools/avr toolchain/bin/../lib/gcc/avr/4.5.1/../../../../avr/lib/avr51\libc.a(atan.o)
                0x00007c00                atan
 .text.avr-libc.fplib
                0x00007c50        0x8 c:/program files/atmel/avr tools/avr toolchain/bin/../lib/gcc/avr/4.5.1/../../../../avr/lib/avr51\libc.a(cmpsf2.o)
                0x00007c50                __nesf2
                0x00007c50                __eqsf2
                0x00007c50                __cmpsf2
                0x00007c50                __ltsf2
                0x00007c50                __lesf2
 .text.avr-libc.fplib
                0x00007c58        0x6 c:/program files/atmel/avr tools/avr toolchain/bin/../lib/gcc/avr/4.5.1/../../../../avr/lib/avr51\libc.a(cos.o)
                0x00007c58                cos
 .text.avr-libc.fplib
                0x00007c5e        0x4 c:/program files/atmel/avr tools/avr toolchain/bin/../lib/gcc/avr/4.5.1/../../../../avr/lib/avr51\libc.a(divsf3.o)
                0x00007c5e                __divsf3
 .text.avr-libc.fplib
                0x00007c62       0xcc c:/program files/atmel/avr tools/avr toolchain/bin/../lib/gcc/avr/4.5.1/../../../../avr/lib/avr51\libc.a(divsf3x.o)
                0x00007c78                __divsf3x
                0x00007c7c                __divsf3_pse
 .text.avr-libc.fplib
                0x00007d2e        0xa c:/program files/atmel/avr tools/avr toolchain/bin/../lib/gcc/avr/4.5.1/../../../../avr/lib/avr51\libc.a(fixsfsi.o)
                0x00007d2e                __fixsfsi
 .text.avr-libc.fplib
                0x00007d38       0x58 c:/program files/atmel/avr tools/avr toolchain/bin/../lib/gcc/avr/4.5.1/../../../../avr/lib/avr51\libc.a(fixunssfsi.o)
                0x00007d38                __fixunssfsi
 .text.avr-libc.fplib
                0x00007d90       0x7a c:/program files/atmel/avr tools/avr toolchain/bin/../lib/gcc/avr/4.5.1/../../../../avr/lib/avr51\libc.a(floatsisf.o)
                0x00007d90                __floatunsisf
                0x00007d94                __floatsisf
 .text.avr-libc.fplib
                0x00007e0a       0x48 c:/program files/atmel/avr tools/avr toolchain/bin/../lib/gcc/avr/4.5.1/../../../../avr/lib/avr51\libc.a(fp_cmp.o)
                0x00007e0a                __fp_cmp
 .text.avr-libc.fplib
                0x00007e52        0xc c:/program files/atmel/avr tools/avr toolchain/bin/../lib/gcc/avr/4.5.1/../../../../avr/lib/avr51\libc.a(fp_inf.o)
                0x00007e52                __fp_inf
 .text.avr-libc.fplib
                0x00007e5e        0x6 c:/program files/atmel/avr tools/avr toolchain/bin/../lib/gcc/avr/4.5.1/../../../../avr/lib/avr51\libc.a(fp_nan.o)
                0x00007e5e                __fp_nan
 .text.avr-libc.fplib
                0x00007e64       0x4a c:/program files/atmel/avr tools/avr toolchain/bin/../lib/gcc/avr/4.5.1/../../../../avr/lib/avr51\libc.a(fp_powser.o)
                0x00007e64                __fp_powser
 .text.avr-libc.fplib
                0x00007eae        0xe c:/program files/atmel/avr tools/avr toolchain/bin/../lib/gcc/avr/4.5.1/../../../../avr/lib/avr51\libc.a(fp_pscA.o)
                0x00007eae                __fp_pscA
 .text.avr-libc.fplib
                0x00007ebc        0xe c:/program files/atmel/avr tools/avr toolchain/bin/../lib/gcc/avr/4.5.1/../../../../avr/lib/avr51\libc.a(fp_pscB.o)
                0x00007ebc                __fp_pscB
 .text.avr-libc.fplib
                0x00007eca       0x50 c:/program files/atmel/avr tools/avr toolchain/bin/../lib/gcc/avr/4.5.1/../../../../avr/lib/avr51\libc.a(fp_rempio2.o)
                0x00007ecc                __fp_rempio2
 .text.avr-libc.fplib
                0x00007f1a       0x22 c:/program files/atmel/avr tools/avr toolchain/bin/../lib/gcc/avr/4.5.1/../../../../avr/lib/avr51\libc.a(fp_round.o)
                0x00007f1a                __fp_round
 .text.avr-libc.fplib
                0x00007f3c       0x22 c:/program files/atmel/avr tools/avr toolchain/bin/../lib/gcc/avr/4.5.1/../../../../avr/lib/avr51\libc.a(fp_sinus.o)
                0x00007f3c                __fp_sinus
 .text.avr-libc.fplib
                0x00007f5e       0x44 c:/program files/atmel/avr tools/avr toolchain/bin/../lib/gcc/avr/4.5.1/../../../../avr/lib/avr51\libc.a(fp_split3.o)
                0x00007f5e                __fp_split3
                0x00007f6e                __fp_splitA
 .text.avr-libc.fplib
                0x00007fa2        0xe c:/program files/atmel/avr tools/avr toolchain/bin/../lib/gcc/avr/4.5.1/../../../../avr/lib/avr51\libc.a(fp_zero.o)
                0x00007fa2                __fp_zero
                0x00007fa4                __fp_szero
 .text.avr-libc.fplib
                0x00007fb0        0x8 c:/program files/atmel/avr tools/avr toolchain/bin/../lib/gcc/avr/4.5.1/../../../../avr/lib/avr51\libc.a(gesf2.o)
                0x00007fb0                __gesf2
                0x00007fb0                __gtsf2
 .text.avr-libc.fplib
                0x00007fb8        0xe c:/program files/atmel/avr tools/avr toolchain/bin/../lib/gcc/avr/4.5.1/../../../../avr/lib/avr51\libc.a(inverse.o)
                0x00007fb8                inverse
 .text.avr-libc.fplib
                0x00007fc6        0x4 c:/program files/atmel/avr tools/avr toolchain/bin/../lib/gcc/avr/4.5.1/../../../../avr/lib/avr51\libc.a(mulsf3.o)
                0x00007fc6                __mulsf3
 .text.avr-libc.fplib
                0x00007fca       0xc2 c:/program files/atmel/avr tools/avr toolchain/bin/../lib/gcc/avr/4.5.1/../../../../avr/lib/avr51\libc.a(mulsf3x.o)
                0x00007fde                __mulsf3x
                0x00007fe2                __mulsf3_pse
 .text.avr-libc.fplib
                0x0000808c        0xc c:/program files/atmel/avr tools/avr toolchain/bin/../lib/gcc/avr/4.5.1/../../../../avr/lib/avr51\libc.a(sin.o)
                0x0000808c                sin
 .text.avr-libc.fplib
                0x00008098       0x84 c:/program files/atmel/avr tools/avr toolchain/bin/../lib/gcc/avr/4.5.1/../../../../avr/lib/avr51\libc.a(sqrt.o)
                0x000080a0                sqrt
 .text.avr-libc.fplib
                0x0000811c        0x6 c:/program files/atmel/avr tools/avr toolchain/bin/../lib/gcc/avr/4.5.1/../../../../avr/lib/avr51\libc.a(square.o)
                0x0000811c                square
 .text.avr-libc
                0x00008122      0x420 c:/program files/atmel/avr tools/avr toolchain/bin/../lib/gcc/avr/4.5.1/../../../../avr/lib/avr51\libc.a(vfprintf_std.o)
                0x00008122                vfprintf
 .text.avr-libc
                0x00008542       0x16 c:/program files/atmel/avr tools/avr toolchain/bin/../lib/gcc/avr/4.5.1/../../../../avr/lib/avr51\libc.a(strnlen_P.o)
                0x00008542                strnlen_P
 .text.avr-libc
                0x00008558       0x16 c:/program files/atmel/avr tools/avr toolchain/bin/../lib/gcc/avr/4.5.1/../../../../avr/lib/avr51\libc.a(strnlen.o)
                0x00008558                strnlen
 .text.avr-libc
                0x0000856e       0x58 c:/program files/atmel/avr tools/avr toolchain/bin/../lib/gcc/avr/4.5.1/../../../../avr/lib/avr51\libc.a(fputc.o)
                0x0000856e                fputc
 .text.avr-libc
                0x000085c6       0xbc c:/program files/atmel/avr tools/avr toolchain/bin/../lib/gcc/avr/4.5.1/../../../../avr/lib/avr51\libc.a(ultoa_invert.o)
                0x000085c6                __ultoa_invert
 .text.avr-libc.fplib
                0x00008682       0x1c c:/program files/atmel/avr tools/avr toolchain/bin/../lib/gcc/avr/4.5.1/../../../../avr/lib/avr51\libc.a(fp_mpack.o)
                0x00008682                __fp_mpack
                0x00008686                __fp_mpack_finite
 .text.avr-libc.fplib
                0x0000869e        0xe c:/program files/atmel/avr tools/avr toolchain/bin/../lib/gcc/avr/4.5.1/../../../../avr/lib/avr51\libc.a(fp_norm2.o)
                0x0000869e                __fp_norm2
 .text.avr-libc.fplib
                0x000086ac       0x22 c:/program files/atmel/avr tools/avr toolchain/bin/../lib/gcc/avr/4.5.1/../../../../avr/lib/avr51\libc.a(fp_powsodd.o)
                0x000086ac                __fp_powsodd
 .text.libgcc   0x000086ce       0x18 c:/program files/atmel/avr tools/avr toolchain/bin/../lib/gcc/avr/4.5.1/avr51\libgcc.a(_udivmodqi4.o)
                0x000086ce                __udivmodqi4
 .text.libgcc   0x000086e6       0x26 c:/program files/atmel/avr tools/avr toolchain/bin/../lib/gcc/avr/4.5.1/avr51\libgcc.a(_divmodhi4.o)
                0x000086e6                _div
                0x000086e6                __divmodhi4
 .text.libgcc   0x0000870c        0x0 c:/program files/atmel/avr tools/avr toolchain/bin/../lib/gcc/avr/4.5.1/avr51\libgcc.a(_exit.o)
 .text.libgcc   0x0000870c        0x0 c:/program files/atmel/avr tools/avr toolchain/bin/../lib/gcc/avr/4.5.1/avr51\libgcc.a(_copy_data.o)
 .text.libgcc   0x0000870c        0x0 c:/program files/atmel/avr tools/avr toolchain/bin/../lib/gcc/avr/4.5.1/avr51\libgcc.a(_clear_bss.o)
 .text.libgcc   0x0000870c       0x28 c:/program files/atmel/avr tools/avr toolchain/bin/../lib/gcc/avr/4.5.1/avr51\libgcc.a(_udivmodhi4.o)
                0x0000870c                __udivmodhi4
                0x00008734                . = ALIGN (0x2)
 *(.fini9)
 .fini9         0x00008734        0x0 c:/program files/atmel/avr tools/avr toolchain/bin/../lib/gcc/avr/4.5.1/avr51\libgcc.a(_exit.o)
                0x00008734                _exit
 *(.fini9)
 *(.fini8)
 *(.fini8)
 *(.fini7)
 *(.fini7)
 *(.fini6)
 *(.fini6)
 *(.fini5)
 *(.fini5)
 *(.fini4)
 *(.fini4)
 *(.fini3)
 *(.fini3)
 *(.fini2)
 *(.fini2)
 *(.fini1)
 *(.fini1)
 *(.fini0)
 .fini0         0x00008734        0x4 c:/program files/atmel/avr tools/avr toolchain/bin/../lib/gcc/avr/4.5.1/avr51\libgcc.a(_exit.o)
 *(.fini0)
                0x00008738                _etext = .

.data           0x00800100       0xa8 load address 0x00008738
                0x00800100                PROVIDE (__data_start, .)
 *(.data)
 .data          0x00800100        0x0 c:/program files/atmel/avr tools/avr toolchain/bin/../lib/gcc/avr/4.5.1/../../../../avr/lib/avr51/crtm128.o
 .data          0x00800100        0x0 Interface.o
 .data          0x00800100       0x57 MobileRobot.o
 .data          0x00800157       0x50 Motor.o
 .data          0x008001a7        0x1 Move.o
                0x008001a7                vcam_en
 .data          0x008001a8        0x0 Sensor.o
 .data          0x008001a8        0x0 c:/program files/atmel/avr tools/avr toolchain/bin/../lib/gcc/avr/4.5.1/../../../../avr/lib/avr51\libc.a(exit.o)
 .data          0x008001a8        0x0 c:/program files/atmel/avr tools/avr toolchain/bin/../lib/gcc/avr/4.5.1/../../../../avr/lib/avr51\libc.a(memset.o)
 .data          0x008001a8        0x0 c:/program files/atmel/avr tools/avr toolchain/bin/../lib/gcc/avr/4.5.1/../../../../avr/lib/avr51\libc.a(sprintf.o)
 .data          0x008001a8        0x0 c:/program files/atmel/avr tools/avr toolchain/bin/../lib/gcc/avr/4.5.1/../../../../avr/lib/avr51\libc.a(addsf3.o)
 .data          0x008001a8        0x0 c:/program files/atmel/avr tools/avr toolchain/bin/../lib/gcc/avr/4.5.1/../../../../avr/lib/avr51\libc.a(addsf3x.o)
 .data          0x008001a8        0x0 c:/program files/atmel/avr tools/avr toolchain/bin/../lib/gcc/avr/4.5.1/../../../../avr/lib/avr51\libc.a(atan2.o)
 .data          0x008001a8        0x0 c:/program files/atmel/avr tools/avr toolchain/bin/../lib/gcc/avr/4.5.1/../../../../avr/lib/avr51\libc.a(atan.o)
 .data          0x008001a8        0x0 c:/program files/atmel/avr tools/avr toolchain/bin/../lib/gcc/avr/4.5.1/../../../../avr/lib/avr51\libc.a(cmpsf2.o)
 .data          0x008001a8        0x0 c:/program files/atmel/avr tools/avr toolchain/bin/../lib/gcc/avr/4.5.1/../../../../avr/lib/avr51\libc.a(cos.o)
 .data          0x008001a8        0x0 c:/program files/atmel/avr tools/avr toolchain/bin/../lib/gcc/avr/4.5.1/../../../../avr/lib/avr51\libc.a(divsf3.o)
 .data          0x008001a8        0x0 c:/program files/atmel/avr tools/avr toolchain/bin/../lib/gcc/avr/4.5.1/../../../../avr/lib/avr51\libc.a(divsf3x.o)
 .data          0x008001a8        0x0 c:/program files/atmel/avr tools/avr toolchain/bin/../lib/gcc/avr/4.5.1/../../../../avr/lib/avr51\libc.a(fixsfsi.o)
 .data          0x008001a8        0x0 c:/program files/atmel/avr tools/avr toolchain/bin/../lib/gcc/avr/4.5.1/../../../../avr/lib/avr51\libc.a(fixunssfsi.o)
 .data          0x008001a8        0x0 c:/program files/atmel/avr tools/avr toolchain/bin/../lib/gcc/avr/4.5.1/../../../../avr/lib/avr51\libc.a(floatsisf.o)
 .data          0x008001a8        0x0 c:/program files/atmel/avr tools/avr toolchain/bin/../lib/gcc/avr/4.5.1/../../../../avr/lib/avr51\libc.a(fp_cmp.o)
 .data          0x008001a8        0x0 c:/program files/atmel/avr tools/avr toolchain/bin/../lib/gcc/avr/4.5.1/../../../../avr/lib/avr51\libc.a(fp_inf.o)
 .data          0x008001a8        0x0 c:/program files/atmel/avr tools/avr toolchain/bin/../lib/gcc/avr/4.5.1/../../../../avr/lib/avr51\libc.a(fp_nan.o)
 .data          0x008001a8        0x0 c:/program files/atmel/avr tools/avr toolchain/bin/../lib/gcc/avr/4.5.1/../../../../avr/lib/avr51\libc.a(fp_powser.o)
 .data          0x008001a8        0x0 c:/program files/atmel/avr tools/avr toolchain/bin/../lib/gcc/avr/4.5.1/../../../../avr/lib/avr51\libc.a(fp_pscA.o)
 .data          0x008001a8        0x0 c:/program files/atmel/avr tools/avr toolchain/bin/../lib/gcc/avr/4.5.1/../../../../avr/lib/avr51\libc.a(fp_pscB.o)
 .data          0x008001a8        0x0 c:/program files/atmel/avr tools/avr toolchain/bin/../lib/gcc/avr/4.5.1/../../../../avr/lib/avr51\libc.a(fp_rempio2.o)
 .data          0x008001a8        0x0 c:/program files/atmel/avr tools/avr toolchain/bin/../lib/gcc/avr/4.5.1/../../../../avr/lib/avr51\libc.a(fp_round.o)
 .data          0x008001a8        0x0 c:/program files/atmel/avr tools/avr toolchain/bin/../lib/gcc/avr/4.5.1/../../../../avr/lib/avr51\libc.a(fp_sinus.o)
 .data          0x008001a8        0x0 c:/program files/atmel/avr tools/avr toolchain/bin/../lib/gcc/avr/4.5.1/../../../../avr/lib/avr51\libc.a(fp_split3.o)
 .data          0x008001a8        0x0 c:/program files/atmel/avr tools/avr toolchain/bin/../lib/gcc/avr/4.5.1/../../../../avr/lib/avr51\libc.a(fp_zero.o)
 .data          0x008001a8        0x0 c:/program files/atmel/avr tools/avr toolchain/bin/../lib/gcc/avr/4.5.1/../../../../avr/lib/avr51\libc.a(gesf2.o)
 .data          0x008001a8        0x0 c:/program files/atmel/avr tools/avr toolchain/bin/../lib/gcc/avr/4.5.1/../../../../avr/lib/avr51\libc.a(inverse.o)
 .data          0x008001a8        0x0 c:/program files/atmel/avr tools/avr toolchain/bin/../lib/gcc/avr/4.5.1/../../../../avr/lib/avr51\libc.a(mulsf3.o)
 .data          0x008001a8        0x0 c:/program files/atmel/avr tools/avr toolchain/bin/../lib/gcc/avr/4.5.1/../../../../avr/lib/avr51\libc.a(mulsf3x.o)
 .data          0x008001a8        0x0 c:/program files/atmel/avr tools/avr toolchain/bin/../lib/gcc/avr/4.5.1/../../../../avr/lib/avr51\libc.a(sin.o)
 .data          0x008001a8        0x0 c:/program files/atmel/avr tools/avr toolchain/bin/../lib/gcc/avr/4.5.1/../../../../avr/lib/avr51\libc.a(sqrt.o)
 .data          0x008001a8        0x0 c:/program files/atmel/avr tools/avr toolchain/bin/../lib/gcc/avr/4.5.1/../../../../avr/lib/avr51\libc.a(square.o)
 .data          0x008001a8        0x0 c:/program files/atmel/avr tools/avr toolchain/bin/../lib/gcc/avr/4.5.1/../../../../avr/lib/avr51\libc.a(vfprintf_std.o)
 .data          0x008001a8        0x0 c:/program files/atmel/avr tools/avr toolchain/bin/../lib/gcc/avr/4.5.1/../../../../avr/lib/avr51\libc.a(strnlen_P.o)
 .data          0x008001a8        0x0 c:/program files/atmel/avr tools/avr toolchain/bin/../lib/gcc/avr/4.5.1/../../../../avr/lib/avr51\libc.a(strnlen.o)
 .data          0x008001a8        0x0 c:/program files/atmel/avr tools/avr toolchain/bin/../lib/gcc/avr/4.5.1/../../../../avr/lib/avr51\libc.a(fputc.o)
 .data          0x008001a8        0x0 c:/program files/atmel/avr tools/avr toolchain/bin/../lib/gcc/avr/4.5.1/../../../../avr/lib/avr51\libc.a(ultoa_invert.o)
 .data          0x008001a8        0x0 c:/program files/atmel/avr tools/avr toolchain/bin/../lib/gcc/avr/4.5.1/../../../../avr/lib/avr51\libc.a(fp_mpack.o)
 .data          0x008001a8        0x0 c:/program files/atmel/avr tools/avr toolchain/bin/../lib/gcc/avr/4.5.1/../../../../avr/lib/avr51\libc.a(fp_norm2.o)
 .data          0x008001a8        0x0 c:/program files/atmel/avr tools/avr toolchain/bin/../lib/gcc/avr/4.5.1/../../../../avr/lib/avr51\libc.a(fp_powsodd.o)
 .data          0x008001a8        0x0 c:/program files/atmel/avr tools/avr toolchain/bin/../lib/gcc/avr/4.5.1/avr51\libgcc.a(_udivmodqi4.o)
 .data          0x008001a8        0x0 c:/program files/atmel/avr tools/avr toolchain/bin/../lib/gcc/avr/4.5.1/avr51\libgcc.a(_divmodhi4.o)
 .data          0x008001a8        0x0 c:/program files/atmel/avr tools/avr toolchain/bin/../lib/gcc/avr/4.5.1/avr51\libgcc.a(_exit.o)
 .data          0x008001a8        0x0 c:/program files/atmel/avr tools/avr toolchain/bin/../lib/gcc/avr/4.5.1/avr51\libgcc.a(_copy_data.o)
 .data          0x008001a8        0x0 c:/program files/atmel/avr tools/avr toolchain/bin/../lib/gcc/avr/4.5.1/avr51\libgcc.a(_clear_bss.o)
 .data          0x008001a8        0x0 c:/program files/atmel/avr tools/avr toolchain/bin/../lib/gcc/avr/4.5.1/avr51\libgcc.a(_udivmodhi4.o)
 *(.data*)
 *(.rodata)
 *(.rodata*)
 *(.gnu.linkonce.d*)
                0x008001a8                . = ALIGN (0x2)
                0x008001a8                _edata = .
                0x008001a8                PROVIDE (__data_end, .)

.bss            0x008001a8      0x417
                0x008001a8                PROVIDE (__bss_start, .)
 *(.bss)
 .bss           0x008001a8        0x0 c:/program files/atmel/avr tools/avr toolchain/bin/../lib/gcc/avr/4.5.1/../../../../avr/lib/avr51/crtm128.o
 .bss           0x008001a8        0xc Interface.o
                0x008001a8                rx1_flg
                0x008001a9                rx1_buff
                0x008001aa                psd
 .bss           0x008001b4        0x0 MobileRobot.o
 .bss           0x008001b4        0x0 Motor.o
 .bss           0x008001b4       0xd5 Move.o
                0x008001b4                tc
                0x008001b5                vcam_n
                0x008001b6                vcam_cnt
                0x008001b7                vcam_buff
                0x00800243                stand
                0x00800245                cset
                0x00800253                cnt
                0x00800261                totc
                0x00800265                vb
                0x00800271                vg
                0x0080027d                vm
 .bss           0x00800289        0xe Sensor.o
 .bss           0x00800297        0x0 c:/program files/atmel/avr tools/avr toolchain/bin/../lib/gcc/avr/4.5.1/../../../../avr/lib/avr51\libc.a(exit.o)
 .bss           0x00800297        0x0 c:/program files/atmel/avr tools/avr toolchain/bin/../lib/gcc/avr/4.5.1/../../../../avr/lib/avr51\libc.a(memset.o)
 .bss           0x00800297        0x0 c:/program files/atmel/avr tools/avr toolchain/bin/../lib/gcc/avr/4.5.1/../../../../avr/lib/avr51\libc.a(sprintf.o)
 .bss           0x00800297        0x0 c:/program files/atmel/avr tools/avr toolchain/bin/../lib/gcc/avr/4.5.1/../../../../avr/lib/avr51\libc.a(addsf3.o)
 .bss           0x00800297        0x0 c:/program files/atmel/avr tools/avr toolchain/bin/../lib/gcc/avr/4.5.1/../../../../avr/lib/avr51\libc.a(addsf3x.o)
 .bss           0x00800297        0x0 c:/program files/atmel/avr tools/avr toolchain/bin/../lib/gcc/avr/4.5.1/../../../../avr/lib/avr51\libc.a(atan2.o)
 .bss           0x00800297        0x0 c:/program files/atmel/avr tools/avr toolchain/bin/../lib/gcc/avr/4.5.1/../../../../avr/lib/avr51\libc.a(atan.o)
 .bss           0x00800297        0x0 c:/program files/atmel/avr tools/avr toolchain/bin/../lib/gcc/avr/4.5.1/../../../../avr/lib/avr51\libc.a(cmpsf2.o)
 .bss           0x00800297        0x0 c:/program files/atmel/avr tools/avr toolchain/bin/../lib/gcc/avr/4.5.1/../../../../avr/lib/avr51\libc.a(cos.o)
 .bss           0x00800297        0x0 c:/program files/atmel/avr tools/avr toolchain/bin/../lib/gcc/avr/4.5.1/../../../../avr/lib/avr51\libc.a(divsf3.o)
 .bss           0x00800297        0x0 c:/program files/atmel/avr tools/avr toolchain/bin/../lib/gcc/avr/4.5.1/../../../../avr/lib/avr51\libc.a(divsf3x.o)
 .bss           0x00800297        0x0 c:/program files/atmel/avr tools/avr toolchain/bin/../lib/gcc/avr/4.5.1/../../../../avr/lib/avr51\libc.a(fixsfsi.o)
 .bss           0x00800297        0x0 c:/program files/atmel/avr tools/avr toolchain/bin/../lib/gcc/avr/4.5.1/../../../../avr/lib/avr51\libc.a(fixunssfsi.o)
 .bss           0x00800297        0x0 c:/program files/atmel/avr tools/avr toolchain/bin/../lib/gcc/avr/4.5.1/../../../../avr/lib/avr51\libc.a(floatsisf.o)
 .bss           0x00800297        0x0 c:/program files/atmel/avr tools/avr toolchain/bin/../lib/gcc/avr/4.5.1/../../../../avr/lib/avr51\libc.a(fp_cmp.o)
 .bss           0x00800297        0x0 c:/program files/atmel/avr tools/avr toolchain/bin/../lib/gcc/avr/4.5.1/../../../../avr/lib/avr51\libc.a(fp_inf.o)
 .bss           0x00800297        0x0 c:/program files/atmel/avr tools/avr toolchain/bin/../lib/gcc/avr/4.5.1/../../../../avr/lib/avr51\libc.a(fp_nan.o)
 .bss           0x00800297        0x0 c:/program files/atmel/avr tools/avr toolchain/bin/../lib/gcc/avr/4.5.1/../../../../avr/lib/avr51\libc.a(fp_powser.o)
 .bss           0x00800297        0x0 c:/program files/atmel/avr tools/avr toolchain/bin/../lib/gcc/avr/4.5.1/../../../../avr/lib/avr51\libc.a(fp_pscA.o)
 .bss           0x00800297        0x0 c:/program files/atmel/avr tools/avr toolchain/bin/../lib/gcc/avr/4.5.1/../../../../avr/lib/avr51\libc.a(fp_pscB.o)
 .bss           0x00800297        0x0 c:/program files/atmel/avr tools/avr toolchain/bin/../lib/gcc/avr/4.5.1/../../../../avr/lib/avr51\libc.a(fp_rempio2.o)
 .bss           0x00800297        0x0 c:/program files/atmel/avr tools/avr toolchain/bin/../lib/gcc/avr/4.5.1/../../../../avr/lib/avr51\libc.a(fp_round.o)
 .bss           0x00800297        0x0 c:/program files/atmel/avr tools/avr toolchain/bin/../lib/gcc/avr/4.5.1/../../../../avr/lib/avr51\libc.a(fp_sinus.o)
 .bss           0x00800297        0x0 c:/program files/atmel/avr tools/avr toolchain/bin/../lib/gcc/avr/4.5.1/../../../../avr/lib/avr51\libc.a(fp_split3.o)
 .bss           0x00800297        0x0 c:/program files/atmel/avr tools/avr toolchain/bin/../lib/gcc/avr/4.5.1/../../../../avr/lib/avr51\libc.a(fp_zero.o)
 .bss           0x00800297        0x0 c:/program files/atmel/avr tools/avr toolchain/bin/../lib/gcc/avr/4.5.1/../../../../avr/lib/avr51\libc.a(gesf2.o)
 .bss           0x00800297        0x0 c:/program files/atmel/avr tools/avr toolchain/bin/../lib/gcc/avr/4.5.1/../../../../avr/lib/avr51\libc.a(inverse.o)
 .bss           0x00800297        0x0 c:/program files/atmel/avr tools/avr toolchain/bin/../lib/gcc/avr/4.5.1/../../../../avr/lib/avr51\libc.a(mulsf3.o)
 .bss           0x00800297        0x0 c:/program files/atmel/avr tools/avr toolchain/bin/../lib/gcc/avr/4.5.1/../../../../avr/lib/avr51\libc.a(mulsf3x.o)
 .bss           0x00800297        0x0 c:/program files/atmel/avr tools/avr toolchain/bin/../lib/gcc/avr/4.5.1/../../../../avr/lib/avr51\libc.a(sin.o)
 .bss           0x00800297        0x0 c:/program files/atmel/avr tools/avr toolchain/bin/../lib/gcc/avr/4.5.1/../../../../avr/lib/avr51\libc.a(sqrt.o)
 .bss           0x00800297        0x0 c:/program files/atmel/avr tools/avr toolchain/bin/../lib/gcc/avr/4.5.1/../../../../avr/lib/avr51\libc.a(square.o)
 .bss           0x00800297        0x0 c:/program files/atmel/avr tools/avr toolchain/bin/../lib/gcc/avr/4.5.1/../../../../avr/lib/avr51\libc.a(vfprintf_std.o)
 .bss           0x00800297        0x0 c:/program files/atmel/avr tools/avr toolchain/bin/../lib/gcc/avr/4.5.1/../../../../avr/lib/avr51\libc.a(strnlen_P.o)
 .bss           0x00800297        0x0 c:/program files/atmel/avr tools/avr toolchain/bin/../lib/gcc/avr/4.5.1/../../../../avr/lib/avr51\libc.a(strnlen.o)
 .bss           0x00800297        0x0 c:/program files/atmel/avr tools/avr toolchain/bin/../lib/gcc/avr/4.5.1/../../../../avr/lib/avr51\libc.a(fputc.o)
 .bss           0x00800297        0x0 c:/program files/atmel/avr tools/avr toolchain/bin/../lib/gcc/avr/4.5.1/../../../../avr/lib/avr51\libc.a(ultoa_invert.o)
 .bss           0x00800297        0x0 c:/program files/atmel/avr tools/avr toolchain/bin/../lib/gcc/avr/4.5.1/../../../../avr/lib/avr51\libc.a(fp_mpack.o)
 .bss           0x00800297        0x0 c:/program files/atmel/avr tools/avr toolchain/bin/../lib/gcc/avr/4.5.1/../../../../avr/lib/avr51\libc.a(fp_norm2.o)
 .bss           0x00800297        0x0 c:/program files/atmel/avr tools/avr toolchain/bin/../lib/gcc/avr/4.5.1/../../../../avr/lib/avr51\libc.a(fp_powsodd.o)
 .bss           0x00800297        0x0 c:/program files/atmel/avr tools/avr toolchain/bin/../lib/gcc/avr/4.5.1/avr51\libgcc.a(_udivmodqi4.o)
 .bss           0x00800297        0x0 c:/program files/atmel/avr tools/avr toolchain/bin/../lib/gcc/avr/4.5.1/avr51\libgcc.a(_divmodhi4.o)
 .bss           0x00800297        0x0 c:/program files/atmel/avr tools/avr toolchain/bin/../lib/gcc/avr/4.5.1/avr51\libgcc.a(_exit.o)
 .bss           0x00800297        0x0 c:/program files/atmel/avr tools/avr toolchain/bin/../lib/gcc/avr/4.5.1/avr51\libgcc.a(_copy_data.o)
 .bss           0x00800297        0x0 c:/program files/atmel/avr tools/avr toolchain/bin/../lib/gcc/avr/4.5.1/avr51\libgcc.a(_clear_bss.o)
 .bss           0x00800297        0x0 c:/program files/atmel/avr tools/avr toolchain/bin/../lib/gcc/avr/4.5.1/avr51\libgcc.a(_udivmodhi4.o)
 *(.bss*)
 *(COMMON)
 COMMON         0x00800297        0xa Interface.o
                0x00800297                psd_value
 COMMON         0x008002a1       0x21 MobileRobot.o
                0x008002a1                GN
                0x008002a3                str
 COMMON         0x008002c2        0x1 Motor.o
                0x008002c2                status
 COMMON         0x008002c3      0x2fc Move.o
                0x008002c3                vf
                0x00800527                acc
                0x00800529                whd
                0x0080052d                vcam
                0x0080055f                xb
                0x00800561                eny
                0x00800565                lhd
                0x00800569                ys
                0x0080056b                vcam_data
                0x0080059d                enx2
                0x008005a1                adn
                0x008005a3                ena
                0x008005a7                lzig
                0x008005ab                yb
                0x008005ad                wzig
                0x008005b1                eny2
                0x008005b5                enx
                0x008005b9                xs
                0x008005bb                aup
                0x008005bd                tsize
                0x008005bf                PROVIDE (__bss_end, .)
                0x00008738                __data_load_start = LOADADDR (.data)
                0x000087e0                __data_load_end = (__data_load_start + SIZEOF (.data))

.noinit         0x008005bf        0x0
                0x008005bf                PROVIDE (__noinit_start, .)
 *(.noinit*)
                0x008005bf                PROVIDE (__noinit_end, .)
                0x008005bf                _end = .
                0x008005bf                PROVIDE (__heap_start, .)

.eeprom         0x00810000        0x0
 *(.eeprom*)
                0x00810000                __eeprom_end = .

.fuse
 *(.fuse)
 *(.lfuse)
 *(.hfuse)
 *(.efuse)

.lock
 *(.lock*)

.signature
 *(.signature*)

.stab           0x00000000     0x3c00
 *(.stab)
 .stab          0x00000000      0x6cc c:/program files/atmel/avr tools/avr toolchain/bin/../lib/gcc/avr/4.5.1/../../../../avr/lib/avr51/crtm128.o
 .stab          0x000006cc       0x30 c:/program files/atmel/avr tools/avr toolchain/bin/../lib/gcc/avr/4.5.1/../../../../avr/lib/avr51\libc.a(exit.o)
                                 0x3c (size before relaxing)
 .stab          0x000006fc       0x6c c:/program files/atmel/avr tools/avr toolchain/bin/../lib/gcc/avr/4.5.1/../../../../avr/lib/avr51\libc.a(memset.o)
                                 0x78 (size before relaxing)
 .stab          0x00000768       0x78 c:/program files/atmel/avr tools/avr toolchain/bin/../lib/gcc/avr/4.5.1/../../../../avr/lib/avr51\libc.a(addsf3.o)
                                 0x84 (size before relaxing)
 .stab          0x000007e0      0x4bc c:/program files/atmel/avr tools/avr toolchain/bin/../lib/gcc/avr/4.5.1/../../../../avr/lib/avr51\libc.a(addsf3x.o)
                                0x4c8 (size before relaxing)
 .stab          0x00000c9c      0x2f4 c:/program files/atmel/avr tools/avr toolchain/bin/../lib/gcc/avr/4.5.1/../../../../avr/lib/avr51\libc.a(atan2.o)
                                0x300 (size before relaxing)
 .stab          0x00000f90      0x210 c:/program files/atmel/avr tools/avr toolchain/bin/../lib/gcc/avr/4.5.1/../../../../avr/lib/avr51\libc.a(atan.o)
                                0x21c (size before relaxing)
 .stab          0x000011a0       0x90 c:/program files/atmel/avr tools/avr toolchain/bin/../lib/gcc/avr/4.5.1/../../../../avr/lib/avr51\libc.a(cmpsf2.o)
                                 0x9c (size before relaxing)
 .stab          0x00001230       0x54 c:/program files/atmel/avr tools/avr toolchain/bin/../lib/gcc/avr/4.5.1/../../../../avr/lib/avr51\libc.a(cos.o)
                                 0x60 (size before relaxing)
 .stab          0x00001284       0x48 c:/program files/atmel/avr tools/avr toolchain/bin/../lib/gcc/avr/4.5.1/../../../../avr/lib/avr51\libc.a(divsf3.o)
                                 0x54 (size before relaxing)
 .stab          0x000012cc      0x510 c:/program files/atmel/avr tools/avr toolchain/bin/../lib/gcc/avr/4.5.1/../../../../avr/lib/avr51\libc.a(divsf3x.o)
                                0x51c (size before relaxing)
 .stab          0x000017dc       0x6c c:/program files/atmel/avr tools/avr toolchain/bin/../lib/gcc/avr/4.5.1/../../../../avr/lib/avr51\libc.a(fixsfsi.o)
                                 0x78 (size before relaxing)
 .stab          0x00001848      0x240 c:/program files/atmel/avr tools/avr toolchain/bin/../lib/gcc/avr/4.5.1/../../../../avr/lib/avr51\libc.a(fixunssfsi.o)
                                0x24c (size before relaxing)
 .stab          0x00001a88      0x318 c:/program files/atmel/avr tools/avr toolchain/bin/../lib/gcc/avr/4.5.1/../../../../avr/lib/avr51\libc.a(floatsisf.o)
                                0x324 (size before relaxing)
 .stab          0x00001da0      0x1e0 c:/program files/atmel/avr tools/avr toolchain/bin/../lib/gcc/avr/4.5.1/../../../../avr/lib/avr51\libc.a(fp_cmp.o)
                                0x1ec (size before relaxing)
 .stab          0x00001f80       0x78 c:/program files/atmel/avr tools/avr toolchain/bin/../lib/gcc/avr/4.5.1/../../../../avr/lib/avr51\libc.a(fp_inf.o)
                                 0x84 (size before relaxing)
 .stab          0x00001ff8       0x54 c:/program files/atmel/avr tools/avr toolchain/bin/../lib/gcc/avr/4.5.1/../../../../avr/lib/avr51\libc.a(fp_nan.o)
                                 0x60 (size before relaxing)
 .stab          0x0000204c      0x1ec c:/program files/atmel/avr tools/avr toolchain/bin/../lib/gcc/avr/4.5.1/../../../../avr/lib/avr51\libc.a(fp_powser.o)
                                0x1f8 (size before relaxing)
 .stab          0x00002238       0x84 c:/program files/atmel/avr tools/avr toolchain/bin/../lib/gcc/avr/4.5.1/../../../../avr/lib/avr51\libc.a(fp_pscA.o)
                                 0x90 (size before relaxing)
 .stab          0x000022bc       0x84 c:/program files/atmel/avr tools/avr toolchain/bin/../lib/gcc/avr/4.5.1/../../../../avr/lib/avr51\libc.a(fp_pscB.o)
                                 0x90 (size before relaxing)
 .stab          0x00002340      0x21c c:/program files/atmel/avr tools/avr toolchain/bin/../lib/gcc/avr/4.5.1/../../../../avr/lib/avr51\libc.a(fp_rempio2.o)
                                0x228 (size before relaxing)
 .stab          0x0000255c       0xfc c:/program files/atmel/avr tools/avr toolchain/bin/../lib/gcc/avr/4.5.1/../../../../avr/lib/avr51\libc.a(fp_round.o)
                                0x108 (size before relaxing)
 .stab          0x00002658       0xfc c:/program files/atmel/avr tools/avr toolchain/bin/../lib/gcc/avr/4.5.1/../../../../avr/lib/avr51\libc.a(fp_sinus.o)
                                0x108 (size before relaxing)
 .stab          0x00002754      0x1d4 c:/program files/atmel/avr tools/avr toolchain/bin/../lib/gcc/avr/4.5.1/../../../../avr/lib/avr51\libc.a(fp_split3.o)
                                0x1e0 (size before relaxing)
 .stab          0x00002928       0x90 c:/program files/atmel/avr tools/avr toolchain/bin/../lib/gcc/avr/4.5.1/../../../../avr/lib/avr51\libc.a(fp_zero.o)
                                 0x9c (size before relaxing)
 .stab          0x000029b8       0x6c c:/program files/atmel/avr tools/avr toolchain/bin/../lib/gcc/avr/4.5.1/../../../../avr/lib/avr51\libc.a(gesf2.o)
                                 0x78 (size before relaxing)
 .stab          0x00002a24       0x84 c:/program files/atmel/avr tools/avr toolchain/bin/../lib/gcc/avr/4.5.1/../../../../avr/lib/avr51\libc.a(inverse.o)
                                 0x90 (size before relaxing)
 .stab          0x00002aa8       0x48 c:/program files/atmel/avr tools/avr toolchain/bin/../lib/gcc/avr/4.5.1/../../../../avr/lib/avr51\libc.a(mulsf3.o)
                                 0x54 (size before relaxing)
 .stab          0x00002af0      0x4d4 c:/program files/atmel/avr tools/avr toolchain/bin/../lib/gcc/avr/4.5.1/../../../../avr/lib/avr51\libc.a(mulsf3x.o)
                                0x4e0 (size before relaxing)
 .stab          0x00002fc4       0x78 c:/program files/atmel/avr tools/avr toolchain/bin/../lib/gcc/avr/4.5.1/../../../../avr/lib/avr51\libc.a(sin.o)
                                 0x84 (size before relaxing)
 .stab          0x0000303c      0x354 c:/program files/atmel/avr tools/avr toolchain/bin/../lib/gcc/avr/4.5.1/../../../../avr/lib/avr51\libc.a(sqrt.o)
                                0x360 (size before relaxing)
 .stab          0x00003390       0x54 c:/program files/atmel/avr tools/avr toolchain/bin/../lib/gcc/avr/4.5.1/../../../../avr/lib/avr51\libc.a(square.o)
                                 0x60 (size before relaxing)
 .stab          0x000033e4       0x9c c:/program files/atmel/avr tools/avr toolchain/bin/../lib/gcc/avr/4.5.1/../../../../avr/lib/avr51\libc.a(strnlen_P.o)
                                 0xa8 (size before relaxing)
 .stab          0x00003480       0x9c c:/program files/atmel/avr tools/avr toolchain/bin/../lib/gcc/avr/4.5.1/../../../../avr/lib/avr51\libc.a(strnlen.o)
                                 0xa8 (size before relaxing)
 .stab          0x0000351c      0x480 c:/program files/atmel/avr tools/avr toolchain/bin/../lib/gcc/avr/4.5.1/../../../../avr/lib/avr51\libc.a(ultoa_invert.o)
                                0x48c (size before relaxing)
 .stab          0x0000399c       0xe4 c:/program files/atmel/avr tools/avr toolchain/bin/../lib/gcc/avr/4.5.1/../../../../avr/lib/avr51\libc.a(fp_mpack.o)
                                 0xf0 (size before relaxing)
 .stab          0x00003a80       0x84 c:/program files/atmel/avr tools/avr toolchain/bin/../lib/gcc/avr/4.5.1/../../../../avr/lib/avr51\libc.a(fp_norm2.o)
                                 0x90 (size before relaxing)
 .stab          0x00003b04       0xfc c:/program files/atmel/avr tools/avr toolchain/bin/../lib/gcc/avr/4.5.1/../../../../avr/lib/avr51\libc.a(fp_powsodd.o)
                                0x108 (size before relaxing)

.stabstr        0x00000000      0xeb1
 *(.stabstr)
 .stabstr       0x00000000      0xeb1 c:/program files/atmel/avr tools/avr toolchain/bin/../lib/gcc/avr/4.5.1/../../../../avr/lib/avr51/crtm128.o

.stab.excl
 *(.stab.excl)

.stab.exclstr
 *(.stab.exclstr)

.stab.index
 *(.stab.index)

.stab.indexstr
 *(.stab.indexstr)

.comment
 *(.comment)

.debug
 *(.debug)

.line
 *(.line)

.debug_srcinfo
 *(.debug_srcinfo)

.debug_sfnames
 *(.debug_sfnames)

.debug_aranges  0x00000000      0x100
 *(.debug_aranges)
 .debug_aranges
                0x00000000       0x20 Interface.o
 .debug_aranges
                0x00000020       0x20 MobileRobot.o
 .debug_aranges
                0x00000040       0x20 Motor.o
 .debug_aranges
                0x00000060       0x20 Move.o
 .debug_aranges
                0x00000080       0x20 Sensor.o
 .debug_aranges
                0x000000a0       0x20 c:/program files/atmel/avr tools/avr toolchain/bin/../lib/gcc/avr/4.5.1/../../../../avr/lib/avr51\libc.a(sprintf.o)
 .debug_aranges
                0x000000c0       0x20 c:/program files/atmel/avr tools/avr toolchain/bin/../lib/gcc/avr/4.5.1/../../../../avr/lib/avr51\libc.a(vfprintf_std.o)
 .debug_aranges
                0x000000e0       0x20 c:/program files/atmel/avr tools/avr toolchain/bin/../lib/gcc/avr/4.5.1/../../../../avr/lib/avr51\libc.a(fputc.o)

.debug_pubnames
                0x00000000      0x589
 *(.debug_pubnames)
 .debug_pubnames
                0x00000000      0x11c Interface.o
 .debug_pubnames
                0x0000011c       0x6b MobileRobot.o
 .debug_pubnames
                0x00000187      0x12d Motor.o
 .debug_pubnames
                0x000002b4      0x22b Move.o
 .debug_pubnames
                0x000004df       0x51 Sensor.o
 .debug_pubnames
                0x00000530       0x1e c:/program files/atmel/avr tools/avr toolchain/bin/../lib/gcc/avr/4.5.1/../../../../avr/lib/avr51\libc.a(sprintf.o)
 .debug_pubnames
                0x0000054e       0x1f c:/program files/atmel/avr tools/avr toolchain/bin/../lib/gcc/avr/4.5.1/../../../../avr/lib/avr51\libc.a(vfprintf_std.o)
 .debug_pubnames
                0x0000056d       0x1c c:/program files/atmel/avr tools/avr toolchain/bin/../lib/gcc/avr/4.5.1/../../../../avr/lib/avr51\libc.a(fputc.o)

.debug_info     0x00000000     0x3b69
 *(.debug_info)
 .debug_info    0x00000000      0x78c Interface.o
 .debug_info    0x0000078c      0x9c8 MobileRobot.o
 .debug_info    0x00001154      0x7a2 Motor.o
 .debug_info    0x000018f6     0x1a1a Move.o
 .debug_info    0x00003310      0x1eb Sensor.o
 .debug_info    0x000034fb      0x1b7 c:/program files/atmel/avr tools/avr toolchain/bin/../lib/gcc/avr/4.5.1/../../../../avr/lib/avr51\libc.a(sprintf.o)
 .debug_info    0x000036b2      0x350 c:/program files/atmel/avr tools/avr toolchain/bin/../lib/gcc/avr/4.5.1/../../../../avr/lib/avr51\libc.a(vfprintf_std.o)
 .debug_info    0x00003a02      0x167 c:/program files/atmel/avr tools/avr toolchain/bin/../lib/gcc/avr/4.5.1/../../../../avr/lib/avr51\libc.a(fputc.o)
 *(.gnu.linkonce.wi.*)

.debug_abbrev   0x00000000      0xd29
 *(.debug_abbrev)
 .debug_abbrev  0x00000000      0x1f3 Interface.o
 .debug_abbrev  0x000001f3      0x1a7 MobileRobot.o
 .debug_abbrev  0x0000039a      0x27a Motor.o
 .debug_abbrev  0x00000614      0x2ca Move.o
 .debug_abbrev  0x000008de      0x116 Sensor.o
 .debug_abbrev  0x000009f4       0xfd c:/program files/atmel/avr tools/avr toolchain/bin/../lib/gcc/avr/4.5.1/../../../../avr/lib/avr51\libc.a(sprintf.o)
 .debug_abbrev  0x00000af1      0x15f c:/program files/atmel/avr tools/avr toolchain/bin/../lib/gcc/avr/4.5.1/../../../../avr/lib/avr51\libc.a(vfprintf_std.o)
 .debug_abbrev  0x00000c50       0xd9 c:/program files/atmel/avr tools/avr toolchain/bin/../lib/gcc/avr/4.5.1/../../../../avr/lib/avr51\libc.a(fputc.o)

.debug_line     0x00000000     0x3a32
 *(.debug_line)
 .debug_line    0x00000000      0x752 Interface.o
 .debug_line    0x00000752      0x776 MobileRobot.o
 .debug_line    0x00000ec8      0x790 Motor.o
 .debug_line    0x00001658     0x1845 Move.o
 .debug_line    0x00002e9d      0x252 Sensor.o
 .debug_line    0x000030ef      0x1af c:/program files/atmel/avr tools/avr toolchain/bin/../lib/gcc/avr/4.5.1/../../../../avr/lib/avr51\libc.a(sprintf.o)
 .debug_line    0x0000329e      0x64d c:/program files/atmel/avr tools/avr toolchain/bin/../lib/gcc/avr/4.5.1/../../../../avr/lib/avr51\libc.a(vfprintf_std.o)
 .debug_line    0x000038eb      0x147 c:/program files/atmel/avr tools/avr toolchain/bin/../lib/gcc/avr/4.5.1/../../../../avr/lib/avr51\libc.a(fputc.o)

.debug_frame    0x00000000      0x580
 *(.debug_frame)
 .debug_frame   0x00000000       0xf0 Interface.o
 .debug_frame   0x000000f0       0xa0 MobileRobot.o
 .debug_frame   0x00000190      0x130 Motor.o
 .debug_frame   0x000002c0      0x210 Move.o
 .debug_frame   0x000004d0       0x50 Sensor.o
 .debug_frame   0x00000520       0x20 c:/program files/atmel/avr tools/avr toolchain/bin/../lib/gcc/avr/4.5.1/../../../../avr/lib/avr51\libc.a(sprintf.o)
 .debug_frame   0x00000540       0x20 c:/program files/atmel/avr tools/avr toolchain/bin/../lib/gcc/avr/4.5.1/../../../../avr/lib/avr51\libc.a(vfprintf_std.o)
 .debug_frame   0x00000560       0x20 c:/program files/atmel/avr tools/avr toolchain/bin/../lib/gcc/avr/4.5.1/../../../../avr/lib/avr51\libc.a(fputc.o)

.debug_str      0x00000000      0x5a7
 *(.debug_str)
 .debug_str     0x00000000      0x1f2 Interface.o
                                0x241 (size before relaxing)
 .debug_str     0x000001f2       0x5f MobileRobot.o
                                0x17c (size before relaxing)
 .debug_str     0x00000251      0x106 Motor.o
                                0x227 (size before relaxing)
 .debug_str     0x00000357       0x5b Move.o
                                0x1b7 (size before relaxing)
 .debug_str     0x000003b2       0x5b Sensor.o
                                0x124 (size before relaxing)
 .debug_str     0x0000040d       0x94 c:/program files/atmel/avr tools/avr toolchain/bin/../lib/gcc/avr/4.5.1/../../../../avr/lib/avr51\libc.a(sprintf.o)
                                0x121 (size before relaxing)
 .debug_str     0x000004a1       0xb0 c:/program files/atmel/avr tools/avr toolchain/bin/../lib/gcc/avr/4.5.1/../../../../avr/lib/avr51\libc.a(vfprintf_std.o)
                                0x177 (size before relaxing)
 .debug_str     0x00000551       0x56 c:/program files/atmel/avr tools/avr toolchain/bin/../lib/gcc/avr/4.5.1/../../../../avr/lib/avr51\libc.a(fputc.o)
                                 0xfb (size before relaxing)

.debug_loc      0x00000000     0x5c99
 *(.debug_loc)
 .debug_loc     0x00000000      0x6a3 Interface.o
 .debug_loc     0x000006a3      0x620 MobileRobot.o
 .debug_loc     0x00000cc3      0x75f Motor.o
 .debug_loc     0x00001422     0x40d4 Move.o
 .debug_loc     0x000054f6       0xa2 Sensor.o
 .debug_loc     0x00005598      0x6b1 c:/program files/atmel/avr tools/avr toolchain/bin/../lib/gcc/avr/4.5.1/../../../../avr/lib/avr51\libc.a(vfprintf_std.o)
 .debug_loc     0x00005c49       0x50 c:/program files/atmel/avr tools/avr toolchain/bin/../lib/gcc/avr/4.5.1/../../../../avr/lib/avr51\libc.a(fputc.o)

.debug_macinfo
 *(.debug_macinfo)
OUTPUT(MR.elf elf32-avr)
LOAD linker stubs

.debug_pubtypes
                0x00000000      0x1ef
 .debug_pubtypes
                0x00000000       0x3f Interface.o
 .debug_pubtypes
                0x0000003f       0x38 MobileRobot.o
 .debug_pubtypes
                0x00000077       0x57 Motor.o
 .debug_pubtypes
                0x000000ce       0x3f Move.o
 .debug_pubtypes
                0x0000010d       0x1e Sensor.o
 .debug_pubtypes
                0x0000012b       0x48 c:/program files/atmel/avr tools/avr toolchain/bin/../lib/gcc/avr/4.5.1/../../../../avr/lib/avr51\libc.a(sprintf.o)
 .debug_pubtypes
                0x00000173       0x53 c:/program files/atmel/avr tools/avr toolchain/bin/../lib/gcc/avr/4.5.1/../../../../avr/lib/avr51\libc.a(vfprintf_std.o)
 .debug_pubtypes
                0x000001c6       0x29 c:/program files/atmel/avr tools/avr toolchain/bin/../lib/gcc/avr/4.5.1/../../../../avr/lib/avr51\libc.a(fputc.o)

.debug_ranges   0x00000000       0x78
 .debug_ranges  0x00000000       0x30 Move.o
 .debug_ranges  0x00000030       0x10 c:/program files/atmel/avr tools/avr toolchain/bin/../lib/gcc/avr/4.5.1/../../../../avr/lib/avr51\libc.a(sprintf.o)
 .debug_ranges  0x00000040       0x28 c:/program files/atmel/avr tools/avr toolchain/bin/../lib/gcc/avr/4.5.1/../../../../avr/lib/avr51\libc.a(vfprintf_std.o)
 .debug_ranges  0x00000068       0x10 c:/program files/atmel/avr tools/avr toolchain/bin/../lib/gcc/avr/4.5.1/../../../../avr/lib/avr51\libc.a(fputc.o)
